
> vijaya@0.0.0 build
> vite build

[36mvite v7.3.1 [32mbuilding client environment for production...[36m[39m
transforming...
[32mΓ£ô[39m 5 modules transformed.
node.exe : [31mΓ£ù[39m 
Build failed in 235ms
At line:1 char:1
+ & "C:\Program 
Files\nodejs/node.exe" "C:\
Users\Dell\AppData\Roaming\
n ...
+ ~~~~~~~~~~~~~~~~~~~~~~~~~
~~~~~~~~~~~~~~~~~~~~~~~~~~~
~~~~~~~~~~~~~~~~~
    + CategoryInfo         
     : NotSpecified: ([3  
  1mΓ£ù[39m Build faile   
 d in 235ms:String) [],    
 RemoteException
    + FullyQualifiedErrorI 
   d : NativeCommandError
 
[31merror during build:
[31m[vite:esbuild] 
Transform failed with 3 
errors:
C:/Users/Dell/OneDrive/Desk
top/vijaya/vijaya/src/App.j
sx:770:8: ERROR: 
Unexpected closing 
"SectionLayout" tag does 
not match opening "div" tag
C:/Users/Dell/OneDrive/Desk
top/vijaya/vijaya/src/App.j
sx:896:6: ERROR: 
Unexpected closing "div" 
tag does not match opening 
"SectionLayout" tag
C:/Users/Dell/OneDrive/Desk
top/vijaya/vijaya/src/App.j
sx:901:2: ERROR: 
Unexpected "return"[31m
file: [36mC:/Users/Dell/On
eDrive/Desktop/vijaya/vijay
a/src/App.jsx:770:8[31m
[33m
[33mUnexpected closing 
"SectionLayout" tag does 
not match opening "div" 
tag[33m
768 |            
<ResponsiveMap />
769 |          </div>
770 |        
</SectionLayout>
    |          ^
771 |  
772 |        {/* Call to 
Action */}

[33mUnexpected closing 
"div" tag does not match 
opening "SectionLayout" 
tag[33m
894 |          </div>
895 |        </footer>
896 |      </div>
    |        ^
897 |    );
898 |  };

[33mUnexpected 
"return"[33m
899 |  
900 |  const App = () => {
901 |    return (
    |    ^
902 |      <>
903 |        <Routes>
[31m
    at failureErrorWithLog 
(C:\Users\Dell\OneDrive\Des
ktop\vijaya\vijaya\node_mod
ules\esbuild\lib\main.js:14
67:15)
    at C:\Users\Dell\OneDri
ve\Desktop\vijaya\vijaya\no
de_modules\esbuild\lib\main
.js:736:50
    at responseCallbacks.<c
omputed> (C:\Users\Dell\One
Drive\Desktop\vijaya\vijaya
\node_modules\esbuild\lib\m
ain.js:603:9)
    at 
handleIncomingPacket (C:\Us
ers\Dell\OneDrive\Desktop\v
ijaya\vijaya\node_modules\e
sbuild\lib\main.js:658:12)
    at 
Socket.readFromStdout (C:\U
sers\Dell\OneDrive\Desktop\
vijaya\vijaya\node_modules\
esbuild\lib\main.js:581:7)
    at Socket.emit 
(node:events:519:28)
    at addChunk (node:inter
nal/streams/readable:561:12
)
    at readableAddChunkPush
ByteMode (node:internal/str
eams/readable:512:3)
    at Readable.push (node:
internal/streams/readable:3
92:5)
    at Pipe.onStreamRead (n
ode:internal/stream_base_co
mmons:189:23)[39m
